// Jest Snapshot v1, https://goo.gl/fbAQLP

exports[`ResultList renders correctly 1`] = `
<div
  className="Results"
>
  <div
    key="2"
  >
    <strong
      className="newest-result"
    >
      1337
    </strong>
  </div>
  <div
    key="1"
  >
    <strong
      className=""
    >
      42
    </strong>
  </div>
</div>
`;
